// Jest Snapshot v1, https://goo.gl/fbAQLP

exports[`Earphone <Earphone/> Snapshot 1`] = `
<div>
  <main>
    <div
      class="bg-black pb-24 text-center pt-[212px] "
      data-testid="categoryTitle"
    >
      <h1
        class="text-white text-4xl md:title"
      >
        Speakers
      </h1>
    </div>
    <ul
      class="space-y-20 my-28 max-w-[1150px] container"
      data-testid="Products list"
    >
      <div
        class="preview-card md:flex-row"
        role="listitem"
      >
        <div
          class="w-full bg-grey text-center rounded-lg md:mr-20"
        >
          <div
            style="display: inline-block; max-width: 100%; overflow: hidden; position: relative; box-sizing: border-box; margin: 0px;"
          >
            <div
              style="box-sizing: border-box; display: block; max-width: 100%;"
            >
              <img
                alt=""
                aria-hidden="true"
                role="presentation"
                src="data:image/svg+xml;base64,PHN2ZyB3aWR0aD0iNTAwIiBoZWlnaHQ9IjUwMCIgeG1sbnM9Imh0dHA6Ly93d3cudzMub3JnLzIwMDAvc3ZnIiB2ZXJzaW9uPSIxLjEiLz4="
                style="max-width: 100%; display: block; margin: 0px; padding: 0px;"
              />
            </div>
            <noscript />
            <img
              alt="xx59-headphones"
              class="w-44"
              decoding="async"
              src="data:image/gif;base64,R0lGODlhAQABAIAAAAAAAP///yH5BAEAAAAALAAAAAABAAEAAAIBRAA7"
              style="position: absolute; top: 0px; left: 0px; bottom: 0px; right: 0px; box-sizing: border-box; padding: 0px; margin: auto; display: block; width: 0px; height: 0px; min-width: 100%; max-width: 100%; min-height: 100%; max-height: 100%; object-fit: fill;"
            />
          </div>
        </div>
        <div
          class="flex flex-col justify-center space-y-9 w-full items-center md:items-start"
        >
          <div>
            <p
              class="overline text-main "
            >
              New Product
            </p>
            <h2
              class="text-4xl"
            >
              XX59 Headphones
            </h2>
          </div>
          <p />
          <button
            class="undefined bg-main text-white hover:bg-main-second w-40 h-12 transition-colors sub-title"
            title="Buttonsee-product"
            type="submit"
          >
            See Product
          </button>
        </div>
      </div>
      <div
        class="preview-card md:flex-row-reverse"
        role="listitem"
      >
        <div
          class="w-full bg-grey text-center rounded-lg md:ml-20"
        >
          <div
            style="display: inline-block; max-width: 100%; overflow: hidden; position: relative; box-sizing: border-box; margin: 0px;"
          >
            <div
              style="box-sizing: border-box; display: block; max-width: 100%;"
            >
              <img
                alt=""
                aria-hidden="true"
                role="presentation"
                src="data:image/svg+xml;base64,PHN2ZyB3aWR0aD0iNTAwIiBoZWlnaHQ9IjUwMCIgeG1sbnM9Imh0dHA6Ly93d3cudzMub3JnLzIwMDAvc3ZnIiB2ZXJzaW9uPSIxLjEiLz4="
                style="max-width: 100%; display: block; margin: 0px; padding: 0px;"
              />
            </div>
            <noscript />
            <img
              alt="asd-headphones"
              class="w-44"
              decoding="async"
              src="data:image/gif;base64,R0lGODlhAQABAIAAAAAAAP///yH5BAEAAAAALAAAAAABAAEAAAIBRAA7"
              style="position: absolute; top: 0px; left: 0px; bottom: 0px; right: 0px; box-sizing: border-box; padding: 0px; margin: auto; display: block; width: 0px; height: 0px; min-width: 100%; max-width: 100%; min-height: 100%; max-height: 100%; object-fit: fill;"
            />
          </div>
        </div>
        <div
          class="flex flex-col justify-center space-y-9 w-full items-center md:items-start"
        >
          <div>
            <h2
              class="text-4xl"
            >
              asd Headphones
            </h2>
          </div>
          <p />
          <button
            class="undefined bg-main text-white hover:bg-main-second w-40 h-12 transition-colors sub-title"
            title="Buttonsee-product"
            type="submit"
          >
            See Product
          </button>
        </div>
      </div>
    </ul>
    <ul
      class="container flex flex-col justify-between items-center max-w-[1150px] my-28 space-y-20  sm:flex-row sm:space-y-0 sm:space-x-5 "
      data-testid="Categories"
    >
      <li
        class="text-center sm:w-[350px] w-10/12  relative undefined"
      >
        <div
          style="display: inline-block; max-width: 100%; overflow: hidden; position: relative; box-sizing: border-box; margin: 0px;"
        >
          <div
            style="box-sizing: border-box; display: block; max-width: 100%;"
          >
            <img
              alt=""
              aria-hidden="true"
              role="presentation"
              src="data:image/svg+xml;base64,PHN2ZyB3aWR0aD0iMjUwIiBoZWlnaHQ9IjIyNSIgeG1sbnM9Imh0dHA6Ly93d3cudzMub3JnLzIwMDAvc3ZnIiB2ZXJzaW9uPSIxLjEiLz4="
              style="max-width: 100%; display: block; margin: 0px; padding: 0px;"
            />
          </div>
          <noscript />
          <img
            class="z-20"
            decoding="async"
            src="data:image/gif;base64,R0lGODlhAQABAIAAAAAAAP///yH5BAEAAAAALAAAAAABAAEAAAIBRAA7"
            style="position: absolute; top: 0px; left: 0px; bottom: 0px; right: 0px; box-sizing: border-box; padding: 0px; margin: auto; display: block; width: 0px; height: 0px; min-width: 100%; max-width: 100%; min-height: 100%; max-height: 100%;"
          />
        </div>
        <div
          class="bg-grey rounded-2xl pt-32 pb-7 absolute w-full top-16 z-10 space-y-5 sm:top-14"
        >
          <h6
            class="uppercase"
          >
            headphones
          </h6>
          <button
            class="undefined sub-title w-[fit-content] h-[fit-content] text-grey-shop hover:text-main"
            title="Buttonheadphones"
          >
            Shop
            <svg
              class="inline ml-3"
              height="12"
              width="8"
              xmlns="http://www.w3.org/2000/svg"
            >
              <path
                d="M1.322 1l5 5-5 5"
                fill="none"
                fill-rule="evenodd"
                stroke="#D87D4A"
                stroke-width="2"
              />
            </svg>
          </button>
        </div>
      </li>
      <li
        class="text-center sm:w-[350px] w-10/12  relative undefined"
      >
        <div
          style="display: inline-block; max-width: 100%; overflow: hidden; position: relative; box-sizing: border-box; margin: 0px;"
        >
          <div
            style="box-sizing: border-box; display: block; max-width: 100%;"
          >
            <img
              alt=""
              aria-hidden="true"
              role="presentation"
              src="data:image/svg+xml;base64,PHN2ZyB3aWR0aD0iMjUwIiBoZWlnaHQ9IjIyNSIgeG1sbnM9Imh0dHA6Ly93d3cudzMub3JnLzIwMDAvc3ZnIiB2ZXJzaW9uPSIxLjEiLz4="
              style="max-width: 100%; display: block; margin: 0px; padding: 0px;"
            />
          </div>
          <noscript />
          <img
            class="z-20"
            decoding="async"
            src="data:image/gif;base64,R0lGODlhAQABAIAAAAAAAP///yH5BAEAAAAALAAAAAABAAEAAAIBRAA7"
            style="position: absolute; top: 0px; left: 0px; bottom: 0px; right: 0px; box-sizing: border-box; padding: 0px; margin: auto; display: block; width: 0px; height: 0px; min-width: 100%; max-width: 100%; min-height: 100%; max-height: 100%;"
          />
        </div>
        <div
          class="bg-grey rounded-2xl pt-32 pb-7 absolute w-full top-16 z-10 space-y-5 sm:top-14"
        >
          <h6
            class="uppercase"
          >
            speakers
          </h6>
          <button
            class="undefined sub-title w-[fit-content] h-[fit-content] text-grey-shop hover:text-main"
            title="Buttonspeakers"
          >
            Shop
            <svg
              class="inline ml-3"
              height="12"
              width="8"
              xmlns="http://www.w3.org/2000/svg"
            >
              <path
                d="M1.322 1l5 5-5 5"
                fill="none"
                fill-rule="evenodd"
                stroke="#D87D4A"
                stroke-width="2"
              />
            </svg>
          </button>
        </div>
      </li>
      <li
        class="text-center sm:w-[350px] w-10/12  relative undefined"
      >
        <div
          style="display: inline-block; max-width: 100%; overflow: hidden; position: relative; box-sizing: border-box; margin: 0px;"
        >
          <div
            style="box-sizing: border-box; display: block; max-width: 100%;"
          >
            <img
              alt=""
              aria-hidden="true"
              role="presentation"
              src="data:image/svg+xml;base64,PHN2ZyB3aWR0aD0iMjUwIiBoZWlnaHQ9IjIyNSIgeG1sbnM9Imh0dHA6Ly93d3cudzMub3JnLzIwMDAvc3ZnIiB2ZXJzaW9uPSIxLjEiLz4="
              style="max-width: 100%; display: block; margin: 0px; padding: 0px;"
            />
          </div>
          <noscript />
          <img
            class="z-20"
            decoding="async"
            src="data:image/gif;base64,R0lGODlhAQABAIAAAAAAAP///yH5BAEAAAAALAAAAAABAAEAAAIBRAA7"
            style="position: absolute; top: 0px; left: 0px; bottom: 0px; right: 0px; box-sizing: border-box; padding: 0px; margin: auto; display: block; width: 0px; height: 0px; min-width: 100%; max-width: 100%; min-height: 100%; max-height: 100%;"
          />
        </div>
        <div
          class="bg-grey rounded-2xl pt-32 pb-7 absolute w-full top-16 z-10 space-y-5 sm:top-14"
        >
          <h6
            class="uppercase"
          >
            earphones
          </h6>
          <button
            class="undefined sub-title w-[fit-content] h-[fit-content] text-grey-shop hover:text-main"
            title="Buttonearphones"
          >
            Shop
            <svg
              class="inline ml-3"
              height="12"
              width="8"
              xmlns="http://www.w3.org/2000/svg"
            >
              <path
                d="M1.322 1l5 5-5 5"
                fill="none"
                fill-rule="evenodd"
                stroke="#D87D4A"
                stroke-width="2"
              />
            </svg>
          </button>
        </div>
      </li>
    </ul>
    <div
      class="flex flex-col-reverse container px-9 my-60 space-y-10 max-w-[1150px] gap-[50px] h-auto lg:flex-row lg:space-x-10 md:space-y-0 lg:h-[588px] lg:px-0 "
      data-testid="About"
    >
      <div
        class="flex flex-col text-center lg:text-left lg:justify-center h-full md:w-full"
      >
        <h3
          class="title text-4xl mb-10"
        >
          Bringing you the 
          <span
            class="text-main"
          >
            best
          </span>
           audio gear
        </h3>
        <p>
          Located at the heart of New York City, Audiophile is the premier store for high end headphones, earphones, speakers, and audio accessories. We have a large showroom and luxury demonstration rooms available for you to browse and experience a wide range of our products. Stop by our store to meet some of the fantastic people who make Audiophile the best place to buy your portable audio equipment.
        </p>
      </div>
      <div
        class="bg-about-mobile sm:bg-about-tablet lg:bg-about bg-no-repeat bg-cover bg-center h-[300px] w-full rounded-xl lg:h-auto"
      />
    </div>
  </main>
</div>
`;
